#
# There is insufficient memory for the Java Runtime Environment to continue.
# Native memory allocation (mmap) failed to map 264241152 bytes. Error detail: G1 virtual space
# Possible reasons:
#   The system is out of physical RAM or swap space
#   This process is running with CompressedOops enabled, and the Java Heap may be blocking the growth of the native heap
# Possible solutions:
#   Reduce memory load on the system
#   Increase physical memory or swap space
#   Check if swap backing store is full
#   Decrease Java heap size (-Xmx/-Xms)
#   Decrease number of Java threads
#   Decrease Java thread stack sizes (-Xss)
#   Set larger code cache with -XX:ReservedCodeCacheSize=
#   JVM is running with Zero Based Compressed Oops mode in which the Java heap is
#     placed in the first 32GB address space. The Java Heap base address is the
#     maximum limit for the native heap growth. Please use -XX:HeapBaseMinAddress
#     to set the Java Heap base and to place the Java Heap above 32GB virtual address.
# This output file may be truncated or incomplete.
#
#  Out of Memory Error (os_windows.cpp:3564), pid=18204, tid=24080
#
# JRE version:  (24.0.1+9) (build )
# Java VM: OpenJDK 64-Bit Server VM (24.0.1+9-30, mixed mode, sharing, tiered, compressed oops, compressed class ptrs, g1 gc, windows-amd64)
# No core dump will be written. Minidumps are not enabled by default on client versions of Windows
#

---------------  S U M M A R Y ------------

Command Line: -Dmaven.multiModuleProjectDirectory=G:\Mi unidad\Inventory-Col\Inventory-Colombia\Inventory-Colombia -Djansi.passthrough=true -Dmaven.home=C:/Program Files/JetBrains/IntelliJ IDEA 2025.1.2/plugins/maven/lib/maven3 -Dclassworlds.conf=C:\Program Files\JetBrains\IntelliJ IDEA 2025.1.2\plugins\maven\lib\maven3\bin\m2.conf -Dmaven.ext.class.path=C:\Program Files\JetBrains\IntelliJ IDEA 2025.1.2\plugins\maven\lib\maven-event-listener.jar -javaagent:C:\Program Files\JetBrains\IntelliJ IDEA 2025.1.2\lib\idea_rt.jar=56235 -Dfile.encoding=UTF-8 -Dsun.stdout.encoding=UTF-8 -Dsun.stderr.encoding=UTF-8 org.codehaus.classworlds.Launcher -Didea.version=2025.1.2 clean

Host: 13th Gen Intel(R) Core(TM) i7-1355U, 12 cores, 15G,  Windows 11 , 64 bit Build 26100 (10.0.26100.4484)
Time: Mon Jul  7 14:01:20 2025 Hora est. Pacífico, Sudamérica elapsed time: 1.155985 seconds (0d 0h 0m 1s)

---------------  T H R E A D  ---------------

Current thread (0x000002088eae1510):  JavaThread "Unknown thread" [_thread_in_vm, id=24080, stack(0x000000c22e200000,0x000000c22e300000) (1024K)]

Stack: [0x000000c22e200000,0x000000c22e300000]
Native frames: (J=compiled Java code, j=interpreted, Vv=VM code, C=native code)
V  [jvm.dll+0x730739]  (no source info available)
V  [jvm.dll+0x8d9b23]  (no source info available)
V  [jvm.dll+0x8dc00d]  (no source info available)
V  [jvm.dll+0x8dc683]  (no source info available)
V  [jvm.dll+0x2aa086]  (no source info available)
V  [jvm.dll+0x72cc65]  (no source info available)
V  [jvm.dll+0x72059a]  (no source info available)
V  [jvm.dll+0x390cea]  (no source info available)
V  [jvm.dll+0x3989f6]  (no source info available)
V  [jvm.dll+0x38523e]  (no source info available)
V  [jvm.dll+0x3854f8]  (no source info available)
V  [jvm.dll+0x35d0cc]  (no source info available)
V  [jvm.dll+0x35dd8d]  (no source info available)
V  [jvm.dll+0x89d28f]  (no source info available)
V  [jvm.dll+0x3f985d]  (no source info available)
V  [jvm.dll+0x8858e6]  (no source info available)
V  [jvm.dll+0x495f3e]  (no source info available)
V  [jvm.dll+0x497d11]  (no source info available)
C  [jli.dll+0x52a1]  (no source info available)
C  [ucrtbase.dll+0x37b0]  (no source info available)
C  [KERNEL32.DLL+0x2e8d7]  (no source info available)
C  [ntdll.dll+0x3c34c]  (no source info available)

Lock stack of current Java thread (top to bottom):


---------------  P R O C E S S  ---------------

Threads class SMR info:
_java_thread_list=0x00007ffbc5c1f318, length=0, elements={
}

Java Threads: ( => current thread )
Total: 0

Other Threads:
  0x000002088eb48ca0 WorkerThread "GC Thread#0"                     [id=12196, stack(0x000000c22e300000,0x000000c22e400000) (1024K)]
  0x000002088eb5e5d0 ConcurrentGCThread "G1 Main Marker"            [id=25092, stack(0x000000c22e400000,0x000000c22e500000) (1024K)]
  0x000002088eb5fee0 WorkerThread "G1 Conc#0"                       [id=17980, stack(0x000000c22e500000,0x000000c22e600000) (1024K)]

[error occurred during error reporting (printing all threads), id 0xc0000005, EXCEPTION_ACCESS_VIOLATION (0xc0000005) at pc=0x00007ffbc53514ea]
VM state: not at safepoint (not fully initialized)

VM Mutex/Monitor currently owned by a thread:  ([mutex/lock_event])
[0x00007ffbc5ca45b0] Heap_lock - owner thread: 0x000002088eae1510

Heap address: 0x0000000705000000, size: 4016 MB, Compressed Oops mode: Zero based, Oop shift amount: 3

CDS archive(s) mapped at: [0x0000000000000000-0x0000000000000000-0x0000000000000000), size 0, SharedBaseAddress: 0x0000000800000000, ArchiveRelocationMode: 1.
UseCompressedClassPointers 1, UseCompactObjectHeaders 0
Narrow klass pointer bits 32, Max shift 3
Narrow klass base: 0xffffffffffffffff, Narrow klass shift: -1
Encoding Range: [0xffffffffffffffff - 0x000000007fffffff), (2147483648 bytes)
Klass Range:    [0x0000000000000000 - 0x0000000000000000), (0 bytes)
Klass ID Range:  [4294967295 - 0) (1)

GC Precious Log:
 CardTable entry size: 512
 Card Set container configuration: InlinePtr #cards 4 size 8 Array Of Cards #cards 16 size 48 Howl #buckets 8 coarsen threshold 3686 Howl Bitmap #cards 512 size 80 coarsen threshold 460 Card regions per heap region 1 cards per card region 4096

Heap:
 garbage-first heap   total reserved 4112384K, committed 0K, used 0K [0x0000000705000000, 0x0000000800000000)
  region size 2048K, 0 young (0K), 0 survivors (0K)

[error occurred during error reporting (printing heap information), id 0xc0000005, EXCEPTION_ACCESS_VIOLATION (0xc0000005) at pc=0x00007ffbc576e3e9]
GC Heap History (0 events):
No events

Dll operation events (1 events):
Event: 0.020 Loaded shared library C:\Users\damian.riano\.jdks\openjdk-24.0.1\bin\java.dll

Deoptimization events (0 events):
No events

Classes loaded (0 events):
No events

Classes unloaded (0 events):
No events

Classes redefined (0 events):
No events

Internal exceptions (0 events):
No events

VM Operations (0 events):
No events

Memory protections (0 events):
No events

Nmethod flushes (0 events):
No events

Events (0 events):
No events


Dynamic libraries:
0x00007ff756570000 - 0x00007ff75657e000 	C:\Users\damian.riano\.jdks\openjdk-24.0.1\bin\java.exe
0x00007ffc7f1c0000 - 0x00007ffc7f428000 	C:\WINDOWS\SYSTEM32\ntdll.dll
0x00007ffc7e8c0000 - 0x00007ffc7e989000 	C:\WINDOWS\System32\KERNEL32.DLL
0x00007ffc7cab0000 - 0x00007ffc7ce9d000 	C:\WINDOWS\System32\KERNELBASE.dll
0x00007ffc7c960000 - 0x00007ffc7caab000 	C:\WINDOWS\System32\ucrtbase.dll
0x00007ffc68e60000 - 0x00007ffc68e76000 	C:\Users\damian.riano\.jdks\openjdk-24.0.1\bin\jli.dll
0x00007ffc69080000 - 0x00007ffc6909b000 	C:\Users\damian.riano\.jdks\openjdk-24.0.1\bin\VCRUNTIME140.dll
0x00007ffc7e1a0000 - 0x00007ffc7e36c000 	C:\WINDOWS\System32\USER32.dll
0x00007ffc59750000 - 0x00007ffc599ea000 	C:\WINDOWS\WinSxS\amd64_microsoft.windows.common-controls_6595b64144ccf1df_6.0.26100.4484_none_3e0e6d4ce32ef3b3\COMCTL32.dll
0x00007ffc7c7b0000 - 0x00007ffc7c7d7000 	C:\WINDOWS\System32\win32u.dll
0x00007ffc7eed0000 - 0x00007ffc7eefb000 	C:\WINDOWS\System32\GDI32.dll
0x00007ffc7d920000 - 0x00007ffc7d9c9000 	C:\WINDOWS\System32\msvcrt.dll
0x00007ffc7c670000 - 0x00007ffc7c7a7000 	C:\WINDOWS\System32\gdi32full.dll
0x00007ffc7c310000 - 0x00007ffc7c3b3000 	C:\WINDOWS\System32\msvcp_win.dll
0x00007ffc7e990000 - 0x00007ffc7e9bf000 	C:\WINDOWS\System32\IMM32.DLL
0x000002088c810000 - 0x000002088c826000 	C:\WINDOWS\System32\umppc19706.dll
0x00007ffc69070000 - 0x00007ffc6907c000 	C:\Users\damian.riano\.jdks\openjdk-24.0.1\bin\vcruntime140_1.dll
0x00007ffc58b20000 - 0x00007ffc58bae000 	C:\Users\damian.riano\.jdks\openjdk-24.0.1\bin\msvcp140.dll
0x00007ffbc4fe0000 - 0x00007ffbc5d82000 	C:\Users\damian.riano\.jdks\openjdk-24.0.1\bin\server\jvm.dll
0x00007ffc7d110000 - 0x00007ffc7d1c4000 	C:\WINDOWS\System32\ADVAPI32.dll
0x00007ffc7cf60000 - 0x00007ffc7d006000 	C:\WINDOWS\System32\sechost.dll
0x00007ffc7d9d0000 - 0x00007ffc7dae8000 	C:\WINDOWS\System32\RPCRT4.dll
0x00007ffc7e450000 - 0x00007ffc7e4c4000 	C:\WINDOWS\System32\WS2_32.dll
0x00007ffc7c160000 - 0x00007ffc7c1be000 	C:\WINDOWS\SYSTEM32\POWRPROF.dll
0x00007ffc6fd50000 - 0x00007ffc6fd85000 	C:\WINDOWS\SYSTEM32\WINMM.dll
0x00007ffc6f720000 - 0x00007ffc6f72b000 	C:\WINDOWS\SYSTEM32\VERSION.dll
0x00007ffc7c140000 - 0x00007ffc7c154000 	C:\WINDOWS\SYSTEM32\UMPDC.dll
0x00007ffc7b0c0000 - 0x00007ffc7b0db000 	C:\WINDOWS\SYSTEM32\kernel.appcore.dll
0x00007ffc681b0000 - 0x00007ffc681ba000 	C:\Users\damian.riano\.jdks\openjdk-24.0.1\bin\jimage.dll
0x00007ffc79a20000 - 0x00007ffc79c61000 	C:\WINDOWS\SYSTEM32\DBGHELP.DLL
0x00007ffc7de10000 - 0x00007ffc7e196000 	C:\WINDOWS\System32\combase.dll
0x00007ffc7f020000 - 0x00007ffc7f100000 	C:\WINDOWS\System32\OLEAUT32.dll
0x00007ffc508c0000 - 0x00007ffc50903000 	C:\WINDOWS\SYSTEM32\dbgcore.DLL
0x00007ffc7c540000 - 0x00007ffc7c5d9000 	C:\WINDOWS\System32\bcryptPrimitives.dll
0x00007ffc66730000 - 0x00007ffc6673f000 	C:\Users\damian.riano\.jdks\openjdk-24.0.1\bin\instrument.dll
0x00007ffc680e0000 - 0x00007ffc680fe000 	C:\Users\damian.riano\.jdks\openjdk-24.0.1\bin\java.dll
0x00007ffc7dc60000 - 0x00007ffc7ddfe000 	C:\WINDOWS\System32\ole32.dll
0x00007ffc7d1d0000 - 0x00007ffc7d91a000 	C:\WINDOWS\System32\SHELL32.dll
0x00007ffc7c7e0000 - 0x00007ffc7c954000 	C:\WINDOWS\System32\wintypes.dll

JVMTI agents:
C:\Program Files\JetBrains\IntelliJ IDEA 2025.1.2\lib\idea_rt.jar path:none, loaded, not initialized, instrumentlib options:56235

dbghelp: loaded successfully - version: 4.0.5 - missing functions: none
symbol engine: initialized successfully - sym options: 0x614 - pdb path: .;C:\Users\damian.riano\.jdks\openjdk-24.0.1\bin;C:\WINDOWS\SYSTEM32;C:\WINDOWS\WinSxS\amd64_microsoft.windows.common-controls_6595b64144ccf1df_6.0.26100.4484_none_3e0e6d4ce32ef3b3;C:\Users\damian.riano\.jdks\openjdk-24.0.1\bin\server

VM Arguments:
jvm_args: -Dmaven.multiModuleProjectDirectory=G:\Mi unidad\Inventory-Col\Inventory-Colombia\Inventory-Colombia -Djansi.passthrough=true -Dmaven.home=C:/Program Files/JetBrains/IntelliJ IDEA 2025.1.2/plugins/maven/lib/maven3 -Dclassworlds.conf=C:\Program Files\JetBrains\IntelliJ IDEA 2025.1.2\plugins\maven\lib\maven3\bin\m2.conf -Dmaven.ext.class.path=C:\Program Files\JetBrains\IntelliJ IDEA 2025.1.2\plugins\maven\lib\maven-event-listener.jar -javaagent:C:\Program Files\JetBrains\IntelliJ IDEA 2025.1.2\lib\idea_rt.jar=56235 -Dfile.encoding=UTF-8 -Dsun.stdout.encoding=UTF-8 -Dsun.stderr.encoding=UTF-8 
java_command: org.codehaus.classworlds.Launcher -Didea.version=2025.1.2 clean
java_class_path (initial): C:\Program Files\JetBrains\IntelliJ IDEA 2025.1.2\plugins\maven\lib\maven3\boot\plexus-classworlds-2.8.0.jar;C:\Program Files\JetBrains\IntelliJ IDEA 2025.1.2\plugins\maven\lib\maven3\boot\plexus-classworlds.license
Launcher Type: SUN_STANDARD

[Global flags]
     intx CICompilerCount                          = 4                                         {product} {ergonomic}
     uint ConcGCThreads                            = 3                                         {product} {ergonomic}
     uint G1ConcRefinementThreads                  = 10                                        {product} {ergonomic}
   size_t G1HeapRegionSize                         = 2097152                                   {product} {ergonomic}
   size_t InitialHeapSize                          = 264241152                                 {product} {ergonomic}
   size_t MarkStackSize                            = 4194304                                   {product} {ergonomic}
   size_t MarkStackSizeMax                         = 536870912                                 {product} {ergonomic}
   size_t MaxHeapSize                              = 4211081216                                {product} {ergonomic}
   size_t MinHeapDeltaBytes                        = 2097152                                   {product} {ergonomic}
   size_t MinHeapSize                              = 8388608                                   {product} {ergonomic}
    uintx NonNMethodCodeHeapSize                   = 5832704                                {pd product} {ergonomic}
    uintx NonProfiledCodeHeapSize                  = 122945536                              {pd product} {ergonomic}
    uintx ProfiledCodeHeapSize                     = 122880000                              {pd product} {ergonomic}
    uintx ReservedCodeCacheSize                    = 251658240                              {pd product} {ergonomic}
     bool SegmentedCodeCache                       = true                                      {product} {ergonomic}
   size_t SoftMaxHeapSize                          = 4211081216                             {manageable} {ergonomic}
     bool UseCompressedOops                        = true                           {product lp64_product} {ergonomic}
     bool UseG1GC                                  = true                                      {product} {ergonomic}
     bool UseLargePagesIndividualAllocation        = false                                  {pd product} {ergonomic}

Logging:
Log output configuration:
 #0: stdout all=warning uptime,level,tags foldmultilines=false
 #1: stderr all=off uptime,level,tags foldmultilines=false

Environment Variables:
PATH=C:\WINDOWS\system32;C:\WINDOWS;C:\WINDOWS\System32\Wbem;C:\WINDOWS\System32\WindowsPowerShell\v1.0\;C:\WINDOWS\System32\OpenSSH\;C:\ProgramData\chocolatey\bin;C:\Program Files\PuTTY\;C:\Program Files\dotnet\;C:\Users\damian.riano\AppData\Local\Microsoft\WindowsApps
USERNAME=damian.riano
OS=Windows_NT
PROCESSOR_IDENTIFIER=Intel64 Family 6 Model 186 Stepping 3, GenuineIntel
TMP=C:\Users\DAMIAN~1.RIA\AppData\Local\Temp
TEMP=C:\Users\DAMIAN~1.RIA\AppData\Local\Temp




Periodic native trim disabled

---------------  S Y S T E M  ---------------

OS:
 Windows 11 , 64 bit Build 26100 (10.0.26100.4484)
OS uptime: 3 days 21:04 hours

CPU: total 12 (initial active 12) (6 cores per cpu, 2 threads per core) family 6 model 186 stepping 3 microcode 0x4119, cx8, cmov, fxsr, ht, mmx, 3dnowpref, sse, sse2, sse3, ssse3, sse4.1, sse4.2, popcnt, lzcnt, tsc, tscinvbit, avx, avx2, aes, erms, clmul, bmi1, bmi2, adx, sha, fma, vzeroupper, clflush, clflushopt, clwb, serialize, rdtscp, rdpid, fsrm, gfni, f16c, pku, cet_ibt, cet_ss
Processor Information for processor 0
  Max Mhz: 1700, Current Mhz: 1700, Mhz Limit: 1700
Processor Information for processor 1
  Max Mhz: 1700, Current Mhz: 1700, Mhz Limit: 1700
Processor Information for processor 2
  Max Mhz: 1700, Current Mhz: 1700, Mhz Limit: 1700
Processor Information for processor 3
  Max Mhz: 1700, Current Mhz: 1700, Mhz Limit: 1700
Processor Information for processor 4
  Max Mhz: 1700, Current Mhz: 1200, Mhz Limit: 1190
Processor Information for processor 5
  Max Mhz: 1700, Current Mhz: 1200, Mhz Limit: 1190
Processor Information for processor 6
  Max Mhz: 1700, Current Mhz: 1200, Mhz Limit: 1190
Processor Information for processor 7
  Max Mhz: 1700, Current Mhz: 1200, Mhz Limit: 1190
Processor Information for processor 8
  Max Mhz: 1700, Current Mhz: 1200, Mhz Limit: 1190
Processor Information for processor 9
  Max Mhz: 1700, Current Mhz: 1200, Mhz Limit: 1190
Processor Information for processor 10
  Max Mhz: 1700, Current Mhz: 1200, Mhz Limit: 1190
Processor Information for processor 11
  Max Mhz: 1700, Current Mhz: 1200, Mhz Limit: 1190

Memory: 4k page, system-wide physical 16057M (1275M free)
TotalPageFile size 20153M (AvailPageFile size 22M)
current process WorkingSet (physical memory assigned to process): 14M, peak: 14M
current process commit charge ("private bytes"): 65M, peak: 317M

vm_info: OpenJDK 64-Bit Server VM (24.0.1+9-30) for windows-amd64 JRE (24.0.1+9-30), built on 2025-03-05T07:23:45Z with MS VC++ 17.6 (VS2022)

END.
